500|69|69|124750
/var/spool/imap/domain/example.com/user/brong/INBOX/Lists/0000/000000
/var/spool/imap/domain/example.com/user/brong/INBOX/Lists/0001/000161
/var/spool/imap/domain/example.com/user/brong/INBOX/Lists/0499/000339
/var/spool/imap/domain/example.com/user/brong/INBOX/Lists/0498/000178
250
1
56
57
58
58
59
58
4
133
0
343|2
Re: Re: Fwd: [sqlite] notes from the standup, and what we owe everyone else|257
Re: Re: Fwd: [sqlite] notes from the standup, and what we owe the customer|86
1
5
9
550
50
/var/spool/imap/domain/example.com/user/brong/INBOX/Lists/9999/000049
/var/spool/imap/domain/example.com/user/brong/INBOX/Lists/9999/000048
/var/spool/imap/domain/example.com/user/brong/INBOX/Lists/9999/000047
525
500|124750
300|45150
/a/very/long/shared/head/that/runs/well/past/the/inline/bound/002
/a/very/long/shared/head/that/runs/well/past/the/inline/bound/005
/a/very/long/shared/head/that/runs/well/past/the/inline/bound/008
medium-length-key-298
medium-length-key-295
medium-length-key-292
200
ok
