30|thirty
10|ten
20|twenty
30|thirty
40|forty
10|ten
20|twenty
30|thirty
3|30
30|thirty
30|THIRTY
30|thirty
3
10|ten
20|twenty
30|thirty
30|thirty
50|fifty-second
50|fifty-first
0
3|30
30
v3
v2
v1
0
30
10|TEN
30|thirty
70|seventy
10|ten
20|twenty
30|thirty
3
Error near line 117: UNIQUE constraint failed: u.v
1|one
2|two
5|five
1|one
2|two
5|five
Error near line 125: UNIQUE constraint failed: u.v
1|one
2|two
5|five
6|six
1|one
2|two
5|five
ccc
aaa|99
bbb|2
ccc|3
ddd|4
aaa
aaa|1
bbb|2
ccc|3
0
aaa
aaa|1
bbb|2
ccc|3
80
eee
30
ccc
3
3
ok
20|TWENTY
20|twenty
10|ten
20|twenty
30|thirty
4
auto
3
10|ten
20|twenty
30|thirty
3|30
r2
r1
r0
ten
0
30|thirty
3
10|ten
30|thirty
1020|twenty
10|ten
20|twenty
30|thirty
3|30
aaa|1
bbb|20
ccc|3
bbb
aaa|1
bbb|2
ccc|3
0
bbb
aaa|1
bbb|2
ccc|3
ok
